[2024-10-16 11:41:39:1615][restartedMain] DEBUG o.s.w.s.m.m.a.RequestMappingHandlerMapping - 44 mappings in 'requestMappingHandlerMapping'
[2024-10-16 11:41:39:1649][restartedMain] DEBUG o.s.w.s.h.SimpleUrlHandlerMapping - Patterns [/webjars/**, /**, /imgs/**, /logs/**] in 'resourceHandlerMapping'
[2024-10-16 11:41:39:1666][restartedMain] DEBUG o.s.w.s.m.m.a.RequestMappingHandlerAdapter - ControllerAdvice beans: 0 @ModelAttribute, 0 @InitBinder, 1 RequestBodyAdvice, 1 ResponseBodyAdvice
[2024-10-16 11:41:39:1687][restartedMain] DEBUG o.s.w.s.m.m.a.ExceptionHandlerExceptionResolver - ControllerAdvice beans: 0 @ExceptionHandler, 1 ResponseBodyAdvice
[2024-10-16 11:41:51:13926][http-nio-80-exec-1] INFO  o.s.web.servlet.DispatcherServlet - Initializing Servlet 'dispatcherServlet'
[2024-10-16 11:41:51:13929][http-nio-80-exec-1] DEBUG o.s.web.servlet.DispatcherServlet - Detected StandardServletMultipartResolver
[2024-10-16 11:41:51:13929][http-nio-80-exec-1] DEBUG o.s.web.servlet.DispatcherServlet - Detected AcceptHeaderLocaleResolver
[2024-10-16 11:41:51:13929][http-nio-80-exec-1] DEBUG o.s.web.servlet.DispatcherServlet - Detected FixedThemeResolver
[2024-10-16 11:41:51:13930][http-nio-80-exec-1] DEBUG o.s.web.servlet.DispatcherServlet - Detected org.springframework.web.servlet.view.DefaultRequestToViewNameTranslator@7e24645b
[2024-10-16 11:41:51:13930][http-nio-80-exec-1] DEBUG o.s.web.servlet.DispatcherServlet - Detected org.springframework.web.servlet.support.SessionFlashMapManager@55f49d
[2024-10-16 11:41:51:13930][http-nio-80-exec-1] DEBUG o.s.web.servlet.DispatcherServlet - enableLoggingRequestDetails='false': request parameters and headers will be masked to prevent unsafe logging of potentially sensitive data
[2024-10-16 11:41:51:13930][http-nio-80-exec-1] INFO  o.s.web.servlet.DispatcherServlet - Completed initialization in 1 ms
[2024-10-16 11:41:51:13936][http-nio-80-exec-1] DEBUG o.s.web.servlet.DispatcherServlet - GET "/js/js1", parameters={}
[2024-10-16 11:41:51:13944][http-nio-80-exec-1] DEBUG o.s.w.s.m.m.a.RequestMappingHandlerMapping - Mapped to edu.sm.controller.JsController#js1(Model)
[2024-10-16 11:41:51:13960][http-nio-80-exec-1] DEBUG o.s.w.s.v.ContentNegotiatingViewResolver - Selected 'text/html' given [text/html, application/xhtml+xml, image/avif, image/webp, image/apng, application/xml;q=0.9, */*;q=0.8, application/signed-exchange;v=b3;q=0.7]
[2024-10-16 11:41:51:13960][http-nio-80-exec-1] DEBUG o.s.web.servlet.view.JstlView - View name [index], model {left=js/left, center=js/js1}
[2024-10-16 11:41:51:13963][http-nio-80-exec-1] DEBUG o.s.web.servlet.view.JstlView - Forwarding to [/views/index.jsp]
[2024-10-16 11:41:52:14548][http-nio-80-exec-4] DEBUG o.s.web.servlet.DispatcherServlet - GET "/js/js1", parameters={}
[2024-10-16 11:41:52:14549][http-nio-80-exec-4] DEBUG o.s.w.s.m.m.a.RequestMappingHandlerMapping - Mapped to edu.sm.controller.JsController#js1(Model)
[2024-10-16 11:41:52:14549][http-nio-80-exec-4] DEBUG o.s.w.s.v.ContentNegotiatingViewResolver - Selected 'text/html' given [text/html, application/xhtml+xml, image/avif, image/webp, image/apng, application/xml;q=0.9, */*;q=0.8, application/signed-exchange;v=b3;q=0.7]
[2024-10-16 11:41:52:14549][http-nio-80-exec-4] DEBUG o.s.web.servlet.view.JstlView - View name [index], model {left=js/left, center=js/js1}
[2024-10-16 11:41:52:14550][http-nio-80-exec-4] DEBUG o.s.web.servlet.view.JstlView - Forwarding to [/views/index.jsp]
[2024-10-16 11:41:52:14679][http-nio-80-exec-4] DEBUG o.s.web.servlet.DispatcherServlet - Completed 200 OK
[2024-10-16 11:41:52:14679][http-nio-80-exec-1] DEBUG o.s.web.servlet.DispatcherServlet - Completed 200 OK
[2024-10-16 11:41:52:14691][http-nio-80-exec-6] DEBUG o.s.web.servlet.DispatcherServlet - GET "/js/index.js", parameters={}
[2024-10-16 11:41:52:14694][http-nio-80-exec-8] DEBUG o.s.web.servlet.DispatcherServlet - GET "/img/sm.jpg", parameters={}
[2024-10-16 11:41:52:14694][http-nio-80-exec-10] DEBUG o.s.web.servlet.DispatcherServlet - GET "/imgs/car.jpg", parameters={}
[2024-10-16 11:41:52:14696][http-nio-80-exec-10] DEBUG o.s.w.s.h.SimpleUrlHandlerMapping - Mapped to ResourceHttpRequestHandler [URL [file:/f:/springsm/imgs/]]
[2024-10-16 11:41:52:14696][http-nio-80-exec-6] DEBUG o.s.w.s.h.SimpleUrlHandlerMapping - Mapped to ResourceHttpRequestHandler [classpath [META-INF/resources/], classpath [resources/], classpath [static/], classpath [public/], ServletContext [/]]
[2024-10-16 11:41:52:14696][http-nio-80-exec-8] DEBUG o.s.w.s.h.SimpleUrlHandlerMapping - Mapped to ResourceHttpRequestHandler [classpath [META-INF/resources/], classpath [resources/], classpath [static/], classpath [public/], ServletContext [/]]
[2024-10-16 11:41:52:14698][http-nio-80-exec-10] DEBUG o.s.w.s.r.ResourceHttpRequestHandler - Resource not found
[2024-10-16 11:41:52:14703][http-nio-80-exec-10] DEBUG o.s.w.s.m.s.DefaultHandlerExceptionResolver - Resolved [org.springframework.web.servlet.resource.NoResourceFoundException: No static resource car.jpg.]
[2024-10-16 11:41:52:14703][http-nio-80-exec-10] DEBUG o.s.web.servlet.DispatcherServlet - Completed 404 NOT_FOUND
[2024-10-16 11:41:52:14704][http-nio-80-exec-10] DEBUG o.s.web.servlet.DispatcherServlet - "ERROR" dispatch for GET "/error", parameters={}
[2024-10-16 11:41:52:14704][http-nio-80-exec-6] DEBUG o.s.web.servlet.DispatcherServlet - Completed 200 OK
[2024-10-16 11:41:52:14705][http-nio-80-exec-8] DEBUG o.s.web.servlet.DispatcherServlet - Completed 200 OK
[2024-10-16 11:41:52:14705][http-nio-80-exec-10] DEBUG o.s.w.s.m.m.a.RequestMappingHandlerMapping - Mapped to org.springframework.boot.autoconfigure.web.servlet.error.BasicErrorController#error(HttpServletRequest)
[2024-10-16 11:41:52:14716][http-nio-80-exec-10] DEBUG o.s.w.s.m.m.a.HttpEntityMethodProcessor - Using 'application/json;q=0.8', given [image/avif, image/webp, image/apng, image/svg+xml, image/*, */*;q=0.8] and supported [application/json, application/*+json]
[2024-10-16 11:41:52:14718][http-nio-80-exec-10] DEBUG o.s.w.s.m.m.a.HttpEntityMethodProcessor - Writing [{timestamp=Wed Oct 16 11:41:52 KST 2024, status=404, error=Not Found, trace=org.springframework.web. (truncated)...]
[2024-10-16 11:41:52:14747][http-nio-80-exec-10] DEBUG o.s.web.servlet.DispatcherServlet - Exiting from "ERROR" dispatch, status 404
[2024-10-16 11:41:52:15154][http-nio-80-exec-3] DEBUG o.s.web.servlet.DispatcherServlet - GET "/js/js1", parameters={}
[2024-10-16 11:41:52:15155][http-nio-80-exec-3] DEBUG o.s.w.s.m.m.a.RequestMappingHandlerMapping - Mapped to edu.sm.controller.JsController#js1(Model)
[2024-10-16 11:41:52:15155][http-nio-80-exec-3] DEBUG o.s.w.s.v.ContentNegotiatingViewResolver - Selected 'text/html' given [text/html, application/xhtml+xml, image/avif, image/webp, image/apng, application/xml;q=0.9, */*;q=0.8, application/signed-exchange;v=b3;q=0.7]
[2024-10-16 11:41:52:15156][http-nio-80-exec-3] DEBUG o.s.web.servlet.view.JstlView - View name [index], model {left=js/left, center=js/js1}
[2024-10-16 11:41:52:15156][http-nio-80-exec-3] DEBUG o.s.web.servlet.view.JstlView - Forwarding to [/views/index.jsp]
[2024-10-16 11:41:52:15158][http-nio-80-exec-3] DEBUG o.s.web.servlet.DispatcherServlet - Completed 200 OK
[2024-10-16 11:41:52:15167][http-nio-80-exec-2] DEBUG o.s.web.servlet.DispatcherServlet - GET "/img/sm.jpg", parameters={}
[2024-10-16 11:41:52:15167][http-nio-80-exec-7] DEBUG o.s.web.servlet.DispatcherServlet - GET "/js/index.js", parameters={}
[2024-10-16 11:41:52:15168][http-nio-80-exec-9] DEBUG o.s.web.servlet.DispatcherServlet - GET "/imgs/car.jpg", parameters={}
[2024-10-16 11:41:52:15168][http-nio-80-exec-7] DEBUG o.s.w.s.h.SimpleUrlHandlerMapping - Mapped to ResourceHttpRequestHandler [classpath [META-INF/resources/], classpath [resources/], classpath [static/], classpath [public/], ServletContext [/]]
[2024-10-16 11:41:52:15168][http-nio-80-exec-2] DEBUG o.s.w.s.h.SimpleUrlHandlerMapping - Mapped to ResourceHttpRequestHandler [classpath [META-INF/resources/], classpath [resources/], classpath [static/], classpath [public/], ServletContext [/]]
[2024-10-16 11:41:52:15168][http-nio-80-exec-9] DEBUG o.s.w.s.h.SimpleUrlHandlerMapping - Mapped to ResourceHttpRequestHandler [URL [file:/f:/springsm/imgs/]]
[2024-10-16 11:41:52:15168][http-nio-80-exec-9] DEBUG o.s.w.s.r.ResourceHttpRequestHandler - Resource not found
[2024-10-16 11:41:52:15169][http-nio-80-exec-9] DEBUG o.s.w.s.m.s.DefaultHandlerExceptionResolver - Resolved [org.springframework.web.servlet.resource.NoResourceFoundException: No static resource car.jpg.]
[2024-10-16 11:41:52:15169][http-nio-80-exec-9] DEBUG o.s.web.servlet.DispatcherServlet - Completed 404 NOT_FOUND
[2024-10-16 11:41:52:15169][http-nio-80-exec-9] DEBUG o.s.web.servlet.DispatcherServlet - "ERROR" dispatch for GET "/error", parameters={}
[2024-10-16 11:41:52:15169][http-nio-80-exec-9] DEBUG o.s.w.s.m.m.a.RequestMappingHandlerMapping - Mapped to org.springframework.boot.autoconfigure.web.servlet.error.BasicErrorController#error(HttpServletRequest)
[2024-10-16 11:41:52:15170][http-nio-80-exec-7] DEBUG o.s.web.servlet.DispatcherServlet - Completed 200 OK
[2024-10-16 11:41:52:15170][http-nio-80-exec-2] DEBUG o.s.web.servlet.DispatcherServlet - Completed 200 OK
[2024-10-16 11:41:52:15170][http-nio-80-exec-9] DEBUG o.s.w.s.m.m.a.HttpEntityMethodProcessor - Using 'application/json;q=0.8', given [image/avif, image/webp, image/apng, image/svg+xml, image/*, */*;q=0.8] and supported [application/json, application/*+json]
[2024-10-16 11:41:52:15171][http-nio-80-exec-9] DEBUG o.s.w.s.m.m.a.HttpEntityMethodProcessor - Writing [{timestamp=Wed Oct 16 11:41:52 KST 2024, status=404, error=Not Found, trace=org.springframework.web. (truncated)...]
[2024-10-16 11:41:52:15171][http-nio-80-exec-9] DEBUG o.s.web.servlet.DispatcherServlet - Exiting from "ERROR" dispatch, status 404
[2024-10-16 11:41:53:15544][http-nio-80-exec-5] DEBUG o.s.web.servlet.DispatcherServlet - GET "/js/js1", parameters={}
[2024-10-16 11:41:53:15545][http-nio-80-exec-5] DEBUG o.s.w.s.m.m.a.RequestMappingHandlerMapping - Mapped to edu.sm.controller.JsController#js1(Model)
[2024-10-16 11:41:53:15546][http-nio-80-exec-5] DEBUG o.s.w.s.v.ContentNegotiatingViewResolver - Selected 'text/html' given [text/html, application/xhtml+xml, image/avif, image/webp, image/apng, application/xml;q=0.9, */*;q=0.8, application/signed-exchange;v=b3;q=0.7]
[2024-10-16 11:41:53:15546][http-nio-80-exec-5] DEBUG o.s.web.servlet.view.JstlView - View name [index], model {left=js/left, center=js/js1}
[2024-10-16 11:41:53:15547][http-nio-80-exec-5] DEBUG o.s.web.servlet.view.JstlView - Forwarding to [/views/index.jsp]
[2024-10-16 11:41:53:15549][http-nio-80-exec-5] DEBUG o.s.web.servlet.DispatcherServlet - Completed 200 OK
[2024-10-16 11:41:53:15565][http-nio-80-exec-4] DEBUG o.s.web.servlet.DispatcherServlet - GET "/js/index.js", parameters={}
[2024-10-16 11:41:53:15566][http-nio-80-exec-1] DEBUG o.s.web.servlet.DispatcherServlet - GET "/img/sm.jpg", parameters={}
[2024-10-16 11:41:53:15566][http-nio-80-exec-6] DEBUG o.s.web.servlet.DispatcherServlet - GET "/imgs/car.jpg", parameters={}
[2024-10-16 11:41:53:15566][http-nio-80-exec-4] DEBUG o.s.w.s.h.SimpleUrlHandlerMapping - Mapped to ResourceHttpRequestHandler [classpath [META-INF/resources/], classpath [resources/], classpath [static/], classpath [public/], ServletContext [/]]
[2024-10-16 11:41:53:15567][http-nio-80-exec-1] DEBUG o.s.w.s.h.SimpleUrlHandlerMapping - Mapped to ResourceHttpRequestHandler [classpath [META-INF/resources/], classpath [resources/], classpath [static/], classpath [public/], ServletContext [/]]
[2024-10-16 11:41:53:15567][http-nio-80-exec-6] DEBUG o.s.w.s.h.SimpleUrlHandlerMapping - Mapped to ResourceHttpRequestHandler [URL [file:/f:/springsm/imgs/]]
[2024-10-16 11:41:53:15567][http-nio-80-exec-6] DEBUG o.s.w.s.r.ResourceHttpRequestHandler - Resource not found
[2024-10-16 11:41:53:15567][http-nio-80-exec-6] DEBUG o.s.w.s.m.s.DefaultHandlerExceptionResolver - Resolved [org.springframework.web.servlet.resource.NoResourceFoundException: No static resource car.jpg.]
[2024-10-16 11:41:53:15568][http-nio-80-exec-6] DEBUG o.s.web.servlet.DispatcherServlet - Completed 404 NOT_FOUND
[2024-10-16 11:41:53:15568][http-nio-80-exec-6] DEBUG o.s.web.servlet.DispatcherServlet - "ERROR" dispatch for GET "/error", parameters={}
[2024-10-16 11:41:53:15568][http-nio-80-exec-6] DEBUG o.s.w.s.m.m.a.RequestMappingHandlerMapping - Mapped to org.springframework.boot.autoconfigure.web.servlet.error.BasicErrorController#error(HttpServletRequest)
[2024-10-16 11:41:53:15569][http-nio-80-exec-4] DEBUG o.s.web.servlet.DispatcherServlet - Completed 200 OK
[2024-10-16 11:41:53:15569][http-nio-80-exec-1] DEBUG o.s.web.servlet.DispatcherServlet - Completed 200 OK
[2024-10-16 11:41:53:15570][http-nio-80-exec-6] DEBUG o.s.w.s.m.m.a.HttpEntityMethodProcessor - Using 'application/json;q=0.8', given [image/avif, image/webp, image/apng, image/svg+xml, image/*, */*;q=0.8] and supported [application/json, application/*+json]
[2024-10-16 11:41:53:15570][http-nio-80-exec-6] DEBUG o.s.w.s.m.m.a.HttpEntityMethodProcessor - Writing [{timestamp=Wed Oct 16 11:41:53 KST 2024, status=404, error=Not Found, trace=org.springframework.web. (truncated)...]
[2024-10-16 11:41:53:15571][http-nio-80-exec-6] DEBUG o.s.web.servlet.DispatcherServlet - Exiting from "ERROR" dispatch, status 404
